###############################################################################
#
# IAR ELF Linker V8.11.2.13589/W32 for ARM                26/Dec/2017  15:40:20
# Copyright 2007-2017 IAR Systems AB.
#
#    Output file  =  
#        C:\Users\Admin\OneDrive\PROMA-WORK\PROMA-WORK\12_17_LCD\iar_project\Output\Exe\project.out
#    Map file     =  
#        C:\Users\Admin\OneDrive\PROMA-WORK\PROMA-WORK\12_17_LCD\iar_project\Output\List\project.map
#    Command line =  
#        -f C:\Users\Admin\AppData\Local\Temp\EWC806.tmp
#        (C:\Users\Admin\OneDrive\PROMA-WORK\PROMA-WORK\12_17_LCD\iar_project\Output\Obj\delay.o
#        C:\Users\Admin\OneDrive\PROMA-WORK\PROMA-WORK\12_17_LCD\iar_project\Output\Obj\led_hendler.o
#        C:\Users\Admin\OneDrive\PROMA-WORK\PROMA-WORK\12_17_LCD\iar_project\Output\Obj\main.o
#        C:\Users\Admin\OneDrive\PROMA-WORK\PROMA-WORK\12_17_LCD\iar_project\Output\Obj\startup_stm32l053xx.o
#        C:\Users\Admin\OneDrive\PROMA-WORK\PROMA-WORK\12_17_LCD\iar_project\Output\Obj\system_stm32l0xx.o
#        --redirect _Printf=_PrintfSmallNoMb --redirect _Scanf=_ScanfSmallNoMb
#        -o
#        C:\Users\Admin\OneDrive\PROMA-WORK\PROMA-WORK\12_17_LCD\iar_project\Output\Exe\project.out
#        --map
#        C:\Users\Admin\OneDrive\PROMA-WORK\PROMA-WORK\12_17_LCD\iar_project\Output\List\project.map
#        --config
#        C:\Users\Admin\OneDrive\PROMA-WORK\PROMA-WORK\12_17_LCD\iar_project\source\linker\stm32l053xx_flash.icf
#        --semihosting --entry __iar_program_start --vfe --text_out locale)
#
###############################################################################

*******************************************************************************
*** RUNTIME MODEL ATTRIBUTES
***

CppFlavor        = *
__CPP_Exceptions = Disabled
__CPP_Language   = C++14
__SystemLibrary  = DLib
__dlib_version   = 6


*******************************************************************************
*** HEAP SELECTION
***

The basic heap was selected because no calls to memory allocation
functions were found in the application outside of system library
functions, and there are calls to deallocation functions in the
application.


*******************************************************************************
*** PLACEMENT SUMMARY
***

"A0":  place at 0x08000000 { ro section .intvec };
"P1":  place in [from 0x08000000 to 0x0800ffff] { ro };
define block CSTACK with size = 1K, alignment = 8 { };
define block HEAP with size = 512, alignment = 8 { };
"P2":  place in [from 0x20000000 to 0x20001fff] {
          rw, block CSTACK, block HEAP };
initialize by copy { rw };

  Section            Kind        Address   Size  Object
  -------            ----        -------   ----  ------
"A0":                                      0xc0
  .intvec            ro code  0x08000000   0xc0  startup_stm32l053xx.o [1]
                            - 0x080000c0   0xc0

"P1":                                     0x66a
  .text              ro code  0x080000c0  0x3fc  led_hendler.o [1]
  .text              ro code  0x080004bc   0x24  ABIassert.o [5]
  .text              ro code  0x080004e0    0xa  abort.o [3]
  .text              ro code  0x080004ea    0x2  startup_stm32l053xx.o [1]
  .text              ro code  0x080004ec   0x14  exit.o [5]
  .text              ro code  0x08000500   0x58  system_stm32l0xx.o [1]
  .text              ro code  0x08000558   0x4c  main.o [1]
  .text              ro code  0x080005a4   0x36  I32DivMod.o [4]
  .text              ro code  0x080005da    0x2  startup_stm32l053xx.o [1]
  .text              ro code  0x080005dc    0x2  IntDivZer.o [4]
  .text              ro code  0x080005de   0x3c  packbits_init_single.o [4]
  .text              ro code  0x0800061a    0x2  startup_stm32l053xx.o [1]
  .text              ro code  0x0800061c   0x28  data_init.o [4]
  .iar.init_table    const    0x08000644   0x10  - Linker created -
  .text              ro code  0x08000654   0x1c  delay.o [1]
  .text              ro code  0x08000670   0x1a  cmain.o [4]
  .text              ro code  0x0800068a    0x4  low_level_init.o [3]
  .text              ro code  0x0800068e    0x8  exit.o [3]
  .text              ro code  0x08000696    0x2  startup_stm32l053xx.o [1]
  .text              ro code  0x08000698    0xa  cexit.o [4]
  .text              ro code  0x080006a2    0x2  startup_stm32l053xx.o [1]
  .text              ro code  0x080006a4   0x10  startup_stm32l053xx.o [1]
  .text              ro code  0x080006b4    0xc  cstartup_M.o [4]
  .text              ro code  0x080006c0    0x2  startup_stm32l053xx.o [1]
  .text              ro code  0x080006c2    0x2  startup_stm32l053xx.o [1]
  .text              ro code  0x080006c4    0x2  startup_stm32l053xx.o [1]
  .text              ro code  0x080006c6    0x2  startup_stm32l053xx.o [1]
  .text              ro code  0x080006c8    0x2  startup_stm32l053xx.o [1]
  .text              ro code  0x080006ca    0x2  startup_stm32l053xx.o [1]
  .text              ro code  0x080006cc    0x2  startup_stm32l053xx.o [1]
  .text              ro code  0x080006ce    0x2  startup_stm32l053xx.o [1]
  .text              ro code  0x080006d0    0x2  startup_stm32l053xx.o [1]
  .text              ro code  0x080006d2    0x2  startup_stm32l053xx.o [1]
  .text              ro code  0x080006d4    0x2  startup_stm32l053xx.o [1]
  .text              ro code  0x080006d6    0x2  startup_stm32l053xx.o [1]
  .text              ro code  0x080006d8    0x2  startup_stm32l053xx.o [1]
  .text              ro code  0x080006da    0x2  startup_stm32l053xx.o [1]
  .text              ro code  0x080006dc    0x2  startup_stm32l053xx.o [1]
  .text              ro code  0x080006de    0x2  startup_stm32l053xx.o [1]
  .text              ro code  0x080006e0    0x2  startup_stm32l053xx.o [1]
  .text              ro code  0x080006e2    0x2  startup_stm32l053xx.o [1]
  .text              ro code  0x080006e4    0x2  startup_stm32l053xx.o [1]
  .text              ro code  0x080006e6    0x2  startup_stm32l053xx.o [1]
  .text              ro code  0x080006e8    0x2  startup_stm32l053xx.o [1]
  .text              ro code  0x080006ea    0x2  startup_stm32l053xx.o [1]
  .text              ro code  0x080006ec    0x2  startup_stm32l053xx.o [1]
  .text              ro code  0x080006ee    0x2  startup_stm32l053xx.o [1]
  .text              ro code  0x080006f0    0x2  startup_stm32l053xx.o [1]
  .text              ro code  0x080006f2    0x2  startup_stm32l053xx.o [1]
  .text              ro code  0x080006f4    0x2  startup_stm32l053xx.o [1]
  .rodata            const    0x080006f6    0x1  unwind_debug.o [5]
  .rodata            const    0x080006f7    0x0  packbits_init_single.o [4]
  Initializer bytes  const    0x080006f7   0x33  <for P2-1>
                            - 0x0800072a  0x66a

"P2", part 1 of 2:                         0x40
  P2-1                        0x20000000   0x40  <Init block>
    .data            inited   0x20000000   0x18  led_hendler.o [1]
    .data            inited   0x20000018   0x20  system_stm32l0xx.o [1]
    .bss             inited   0x20000038    0x8  delay.o [1]
                            - 0x20000040   0x40

"P2", part 2 of 2:                        0x400
  CSTACK                      0x20000040  0x400  <Block>
    CSTACK           uninit   0x20000040  0x400  <Block tail>
                            - 0x20000440  0x400


*******************************************************************************
*** INIT TABLE
***

          Address     Size
          -------     ----
Copy/packbits (__iar_packbits_init_single3)
    1 source range, total size 0x33 (79% of destination):
          0x080006f7  0x33
    1 destination range, total size 0x40:
          0x20000000  0x40



*******************************************************************************
*** MODULE SUMMARY
***

    Module                  ro code  ro data  rw data
    ------                  -------  -------  -------
C:\Users\Admin\OneDrive\PROMA-WORK\PROMA-WORK\12_17_LCD\iar_project\Output\Obj: [1]
    delay.o                      28        7        8
    led_hendler.o             1 020       19       24
    main.o                       76
    startup_stm32l053xx.o       272
    system_stm32l0xx.o           88       25       32
    -------------------------------------------------
    Total:                    1 484       51       64

command line: [2]
    -------------------------------------------------
    Total:

dl6M_tln.a: [3]
    abort.o                      10
    exit.o                        8
    low_level_init.o              4
    -------------------------------------------------
    Total:                       22

rt6M_tl.a: [4]
    I32DivMod.o                  54
    IntDivZer.o                   2
    cexit.o                      10
    cmain.o                      26
    cstartup_M.o                 12
    data_init.o                  40
    packbits_init_single.o       60
    -------------------------------------------------
    Total:                      204

shb_l.a: [5]
    ABIassert.o                  36
    exit.o                       20
    unwind_debug.o                         1
    -------------------------------------------------
    Total:                       56        1

    Linker created                        16    1 024
-----------------------------------------------------
    Grand Total:              1 766       68    1 088


*******************************************************************************
*** ENTRY LIST
***

Entry                      Address   Size  Type      Object
-----                      -------   ----  ----      ------
.iar.init_table$$Base   0x08000644          --   Gb  - Linker created -
.iar.init_table$$Limit  0x08000654          --   Gb  - Linker created -
?main                   0x08000671         Code  Gb  cmain.o [4]
AHBPrescTable           0x20000018   0x10  Data  Lc  system_stm32l0xx.o [1]
CSTACK$$Base            0x20000040          --   Gb  - Linker created -
CSTACK$$Limit           0x20000440          --   Gb  - Linker created -
PLLMulTable             0x20000028    0xc  Data  Lc  system_stm32l0xx.o [1]
Region$$Table$$Base     0x08000644          --   Gb  - Linker created -
Region$$Table$$Limit    0x08000654          --   Gb  - Linker created -
SysTick_Handler         0x08000655   0x16  Code  Gb  delay.o [1]
SystemCoreClock         0x20000034    0x4  Data  Gb  system_stm32l0xx.o [1]
SystemInit              0x08000501   0x40  Code  Gb  system_stm32l0xx.o [1]
[local to led_hendler_cpp]::gpioPinMode(GPIO_TypeDef *, unsigned char, unsigned char)
                        0x08000179   0x78  Code  Lc  led_hendler.o [1]
[local to led_hendler_cpp]::gpioSetPin(GPIO_TypeDef *, unsigned char)
                        0x080000c1   0x5a  Code  Lc  led_hendler.o [1]
[local to led_hendler_cpp]::gpioTogglePin(GPIO_TypeDef *, unsigned char)
                        0x0800011d   0x5a  Code  Lc  led_hendler.o [1]
__aeabi_assert          0x080004bd   0x24  Code  Gb  ABIassert.o [5]
__aeabi_idiv0           0x080005dd         Code  Gb  IntDivZer.o [4]
__cmain                 0x08000671         Code  Gb  cmain.o [4]
__exit                  0x080004ed   0x14  Code  Gb  exit.o [5]
__iar_data_init3        0x0800061d   0x28  Code  Gb  data_init.o [4]
__iar_debug_exceptions  0x080006f6    0x1  Data  Gb  unwind_debug.o [5]
__iar_packbits_init_single3
                        0x080005df   0x3c  Code  Gb  packbits_init_single.o [4]
__iar_program_start     0x080006b5         Code  Gb  cstartup_M.o [4]
__iar_small_uidiv       0x080005a5         Code  Gb  I32DivMod.o [4]
__iar_small_uidivmod    0x080005a5         Code  Gb  I32DivMod.o [4]
__iar_systems$$module {Abs}
                        0x00000001         Data  Gb  command line/config [2]
__low_level_init        0x0800068b    0x4  Code  Gb  low_level_init.o [3]
__vector_table          0x08000000         Data  Gb  startup_stm32l053xx.o [1]
_call_main              0x0800067d         Code  Gb  cmain.o [4]
_exit                   0x08000699         Code  Gb  cexit.o [4]
_main                   0x08000687         Code  Gb  cmain.o [4]
abort                   0x080004e1    0xa  Code  Gb  abort.o [3]
delayTime               0x20000038    0x4  Data  Lc  delay.o [1]
exit                    0x0800068f    0x8  Code  Gb  exit.o [3]
init_led_ports()        0x08000279  0x10a  Code  Gb  led_hendler.o [1]
led_update()            0x08000249   0x24  Code  Gb  led_hendler.o [1]
main                    0x08000559   0x40  Code  Gb  main.o [1]
pins_com                0x20000000    0x8  Data  Lc  led_hendler.o [1]
pins_pin                0x20000008   0x10  Data  Lc  led_hendler.o [1]
set_pin(PINS)           0x08000389   0x90  Code  Gb  led_hendler.o [1]
ticks                   0x2000003c    0x4  Data  Gb  delay.o [1]
toggle_pin(PINS)        0x08000419   0x90  Code  Gb  led_hendler.o [1]


[1] = C:\Users\Admin\OneDrive\PROMA-WORK\PROMA-WORK\12_17_LCD\iar_project\Output\Obj
[2] = command line
[3] = dl6M_tln.a
[4] = rt6M_tl.a
[5] = shb_l.a

  1 766 bytes of readonly  code memory
     68 bytes of readonly  data memory
  1 088 bytes of readwrite data memory

Errors: none
Warnings: none
