###############################################################################
#
# IAR ELF Linker V8.11.2.13589/W32 for ARM                23/Dec/2017  16:48:23
# Copyright 2007-2017 IAR Systems AB.
#
#    Output file  =  
#        C:\Users\Admin\OneDrive\PROMA-WORK\PROMA-WORK\12_17_LCD\STM32L0xx_Snippets_Package_V1.2.0\Projects\CLOCK
#        CONTROLLER\03_MCO_GPIO_Configuration\EWARM\Output\Exe\project.out
#    Map file     =  
#        C:\Users\Admin\OneDrive\PROMA-WORK\PROMA-WORK\12_17_LCD\STM32L0xx_Snippets_Package_V1.2.0\Projects\CLOCK
#        CONTROLLER\03_MCO_GPIO_Configuration\EWARM\Output\List\project.map
#    Command line =  
#        -f C:\Users\Admin\AppData\Local\Temp\EWF1A6.tmp
#        ("C:\Users\Admin\OneDrive\PROMA-WORK\PROMA-WORK\12_17_LCD\STM32L0xx_Snippets_Package_V1.2.0\Projects\CLOCK
#        CONTROLLER\03_MCO_GPIO_Configuration\EWARM\Output\Obj\main.o"
#        "C:\Users\Admin\OneDrive\PROMA-WORK\PROMA-WORK\12_17_LCD\STM32L0xx_Snippets_Package_V1.2.0\Projects\CLOCK
#        CONTROLLER\03_MCO_GPIO_Configuration\EWARM\Output\Obj\startup_stm32l053xx.o"
#        "C:\Users\Admin\OneDrive\PROMA-WORK\PROMA-WORK\12_17_LCD\STM32L0xx_Snippets_Package_V1.2.0\Projects\CLOCK
#        CONTROLLER\03_MCO_GPIO_Configuration\EWARM\Output\Obj\system_stm32l0xx.o"
#        --redirect _Printf=_PrintfSmallNoMb --redirect _Scanf=_ScanfSmallNoMb
#        -o
#        "C:\Users\Admin\OneDrive\PROMA-WORK\PROMA-WORK\12_17_LCD\STM32L0xx_Snippets_Package_V1.2.0\Projects\CLOCK
#        CONTROLLER\03_MCO_GPIO_Configuration\EWARM\Output\Exe\project.out"
#        --map
#        "C:\Users\Admin\OneDrive\PROMA-WORK\PROMA-WORK\12_17_LCD\STM32L0xx_Snippets_Package_V1.2.0\Projects\CLOCK
#        CONTROLLER\03_MCO_GPIO_Configuration\EWARM\Output\List\project.map"
#        --config
#        "C:\Users\Admin\OneDrive\PROMA-WORK\PROMA-WORK\12_17_LCD\STM32L0xx_Snippets_Package_V1.2.0\Projects\CLOCK
#        CONTROLLER\03_MCO_GPIO_Configuration\EWARM\..\..\..\..\Drivers\CMSIS\Device\ST\STM32L0xx\Source\Templates\iar\linker\stm32l053xx_flash.icf"
#        --semihosting --entry __iar_program_start --vfe --text_out locale)
#
###############################################################################

*******************************************************************************
*** RUNTIME MODEL ATTRIBUTES
***

CppFlavor       = *
__SystemLibrary = DLib
__dlib_version  = 6


*******************************************************************************
*** HEAP SELECTION
***

The basic heap was selected because no calls to memory allocation
functions were found in the application outside of system library
functions, and there are calls to deallocation functions in the
application.


*******************************************************************************
*** PLACEMENT SUMMARY
***

"A0":  place at 0x08000000 { ro section .intvec };
"P1":  place in [from 0x08000000 to 0x0800ffff] { ro };
define block CSTACK with size = 1K, alignment = 8 { };
define block HEAP with size = 512, alignment = 8 { };
"P2":  place in [from 0x20000000 to 0x20001fff] {
          rw, block CSTACK, block HEAP };
initialize by copy { rw };

  Section            Kind        Address   Size  Object
  -------            ----        -------   ----  ------
"A0":                                      0xc0
  .intvec            ro code  0x08000000   0xc0  startup_stm32l053xx.o [1]
                            - 0x080000c0   0xc0

"P1":                                     0xb28
  .text              ro code  0x080000c0  0x52c  xprintfsmall_nomb.o [3]
  .text              ro code  0x080005ec   0x16  strchr.o [4]
  .text              ro code  0x08000602    0x2  startup_stm32l053xx.o [1]
  .text              ro code  0x08000604   0x48  xfail_s.o [3]
  .text              ro code  0x0800064c   0x10  strlen.o [4]
  .text              ro code  0x0800065c   0x18  memchr.o [4]
  .text              ro code  0x08000674   0xae  I32DivModFast.o [4]
  .text              ro code  0x08000722    0x2  startup_stm32l053xx.o [1]
  .text              ro code  0x08000724   0x36  I32DivMod.o [4]
  .text              ro code  0x0800075a    0xa  abort.o [3]
  .text              ro code  0x08000764    0x2  IntDivZer.o [4]
  .text              ro code  0x08000766    0x2  startup_stm32l053xx.o [1]
  .text              ro code  0x08000768   0x14  exit.o [5]
  .text              ro code  0x0800077c   0x68  iarttio.o [5]
  .text              ro code  0x080007e4    0x8  XShttio.o [3]
  .text              ro code  0x080007ec  0x1d4  main.o [1]
  .text              ro code  0x080009c0   0x28  printf.o [3]
  .text              ro code  0x080009e8   0x58  system_stm32l0xx.o [1]
  .text              ro code  0x08000a40   0x3c  packbits_init_single.o [4]
  .text              ro code  0x08000a7c   0x28  data_init.o [4]
  .text              ro code  0x08000aa4   0x22  iarwrite.o [5]
  .iar.init_table    const    0x08000ac8   0x10  - Linker created -
  .text              ro code  0x08000ad8   0x20  iarwstd.o [5]
  .text              ro code  0x08000af8   0x1e  putchar.o [3]
  .text              ro code  0x08000b16   0x10  write.o [5]
  .text              ro code  0x08000b26   0x1e  dwrite.o [5]
  .text              ro code  0x08000b44    0x2  startup_stm32l053xx.o [1]
  .text              ro code  0x08000b48   0x1a  cmain.o [4]
  .text              ro code  0x08000b62    0x4  low_level_init.o [3]
  .text              ro code  0x08000b66    0x8  exit.o [3]
  .text              ro code  0x08000b6e    0x2  startup_stm32l053xx.o [1]
  .text              ro code  0x08000b70    0xa  cexit.o [4]
  .text              ro code  0x08000b7a   0x16  xprout.o [3]
  .text              ro code  0x08000b90   0x10  startup_stm32l053xx.o [1]
  .text              ro code  0x08000ba0    0xc  cstartup_M.o [4]
  .text              ro code  0x08000bac    0x2  startup_stm32l053xx.o [1]
  .text              ro code  0x08000bae    0x2  startup_stm32l053xx.o [1]
  .text              ro code  0x08000bb0    0x2  startup_stm32l053xx.o [1]
  .text              ro code  0x08000bb2    0x2  startup_stm32l053xx.o [1]
  .text              ro code  0x08000bb4    0x2  startup_stm32l053xx.o [1]
  .text              ro code  0x08000bb6    0x2  startup_stm32l053xx.o [1]
  .text              ro code  0x08000bb8    0x2  startup_stm32l053xx.o [1]
  .text              ro code  0x08000bba    0x2  startup_stm32l053xx.o [1]
  .text              ro code  0x08000bbc    0x2  startup_stm32l053xx.o [1]
  .text              ro code  0x08000bbe    0x2  startup_stm32l053xx.o [1]
  .text              ro code  0x08000bc0    0x2  startup_stm32l053xx.o [1]
  .text              ro code  0x08000bc2    0x2  startup_stm32l053xx.o [1]
  .text              ro code  0x08000bc4    0x2  startup_stm32l053xx.o [1]
  .text              ro code  0x08000bc6    0x2  startup_stm32l053xx.o [1]
  .text              ro code  0x08000bc8    0x2  startup_stm32l053xx.o [1]
  .text              ro code  0x08000bca    0x2  startup_stm32l053xx.o [1]
  .text              ro code  0x08000bcc    0x2  startup_stm32l053xx.o [1]
  .text              ro code  0x08000bce    0x2  startup_stm32l053xx.o [1]
  .text              ro code  0x08000bd0    0x2  startup_stm32l053xx.o [1]
  .text              ro code  0x08000bd2    0x2  startup_stm32l053xx.o [1]
  .text              ro code  0x08000bd4    0x2  startup_stm32l053xx.o [1]
  .text              ro code  0x08000bd6    0x2  startup_stm32l053xx.o [1]
  .text              ro code  0x08000bd8    0x2  startup_stm32l053xx.o [1]
  .rodata            const    0x08000bda    0x0  packbits_init_single.o [4]
  Initializer bytes  const    0x08000bda    0xe  <for P2-1>
                            - 0x08000be8  0xb28

"P2", part 1 of 2:                         0x1c
  P2-1                        0x20000000   0x1c  <Init block>
    .data            inited   0x20000000   0x10  main.o [1]
    .data            inited   0x20000010    0x8  XShttio.o [3]
    .bss             inited   0x20000018    0x4  xfail_s.o [3]
                            - 0x2000001c   0x1c

"P2", part 2 of 2:                        0x400
  CSTACK                      0x20000020  0x400  <Block>
    CSTACK           uninit   0x20000020  0x400  <Block tail>
                            - 0x20000420  0x400


*******************************************************************************
*** INIT TABLE
***

          Address     Size
          -------     ----
Copy/packbits (__iar_packbits_init_single3)
    1 source range, total size 0xe (50% of destination):
          0x08000bda   0xe
    1 destination range, total size 0x1c:
          0x20000000  0x1c



*******************************************************************************
*** MODULE SUMMARY
***

    Module                  ro code  ro data  rw data
    ------                  -------  -------  -------
C:\Users\Admin\OneDrive\PROMA-WORK\PROMA-WORK\12_17_LCD\STM32L0xx_Snippets_Package_V1.2.0\Projects\CLOCK CONTROLLER\03_MCO_GPIO_Configuration\EWARM\Output\Obj: [1]
    main.o                      468        8       16
    startup_stm32l053xx.o       264
    system_stm32l0xx.o           88
    -------------------------------------------------
    Total:                      820        8       16

command line: [2]
    -------------------------------------------------
    Total:

dl6M_tln.a: [3]
    XShttio.o                     8        4        8
    abort.o                      10
    exit.o                        8
    low_level_init.o              4
    printf.o                     40
    putchar.o                    30
    xfail_s.o                    72        2        4
    xprintfsmall_nomb.o       1 324
    xprout.o                     22
    -------------------------------------------------
    Total:                    1 518        6       12

rt6M_tl.a: [4]
    I32DivMod.o                  54
    I32DivModFast.o             174
    IntDivZer.o                   2
    cexit.o                      10
    cmain.o                      26
    cstartup_M.o                 12
    data_init.o                  40
    memchr.o                     24
    packbits_init_single.o       60
    strchr.o                     22
    strlen.o                     16
    -------------------------------------------------
    Total:                      440

shb_l.a: [5]
    dwrite.o                     30
    exit.o                       20
    iarttio.o                   104
    iarwrite.o                   34
    iarwstd.o                    32
    write.o                      16
    -------------------------------------------------
    Total:                      236

    Gaps                          2        2
    Linker created                        16    1 024
-----------------------------------------------------
    Grand Total:              3 016       32    1 052


*******************************************************************************
*** ENTRY LIST
***

Entry                      Address   Size  Type      Object
-----                      -------   ----  ----      ------
.iar.init_table$$Base   0x08000ac8          --   Gb  - Linker created -
.iar.init_table$$Limit  0x08000ad8          --   Gb  - Linker created -
?main                   0x08000b49         Code  Gb  cmain.o [4]
CSTACK$$Base            0x20000020          --   Gb  - Linker created -
CSTACK$$Limit           0x20000420          --   Gb  - Linker created -
HardFault_Handler       0x0800090b    0x2  Code  Gb  main.o [1]
LoadInt                 0x08000311   0x5a  Code  Lc  xprintfsmall_nomb.o [3]
NMI_Handler             0x08000909    0x2  Code  Gb  main.o [1]
PendSV_Handler          0x0800090f    0x2  Code  Gb  main.o [1]
Region$$Table$$Base     0x08000ac8          --   Gb  - Linker created -
Region$$Table$$Limit    0x08000ad8          --   Gb  - Linker created -
SVC_Handler             0x0800090d    0x2  Code  Gb  main.o [1]
SysTick_Config          0x080007ed   0x2e  Code  Lc  main.o [1]
SysTick_Handler         0x08000911   0x68  Code  Gb  main.o [1]
SysTick_Handler::error_temp
                        0x20000002    0x2  Data  Lc  main.o [1]
SysTick_Handler::long_counter
                        0x20000008    0x4  Data  Lc  main.o [1]
SysTick_Handler::short_counter
                        0x2000000c    0x4  Data  Lc  main.o [1]
SystemInit              0x080009e9   0x40  Code  Gb  system_stm32l0xx.o [1]
Tick                    0x20000004    0x4  Data  Lc  main.o [1]
_LitobSmallNoMb         0x080004ad   0xec  Code  Lc  xprintfsmall_nomb.o [3]
_PrintfSmallNoMb        0x080000c1  0x244  Code  Gb  xprintfsmall_nomb.o [3]
_Prout                  0x08000b7b   0x16  Code  Gb  xprout.o [3]
_PutcharsSmallNoMb      0x0800059d   0x32  Code  Lc  xprintfsmall_nomb.o [3]
_PutfldSmallNoMb        0x0800036d  0x140  Code  Lc  xprintfsmall_nomb.o [3]
__aeabi_idiv0           0x08000765         Code  Gb  IntDivZer.o [4]
__aeabi_uidiv           0x08000675         Code  Gb  I32DivModFast.o [4]
__aeabi_uidivmod        0x08000675         Code  Gb  I32DivModFast.o [4]
__cmain                 0x08000b49         Code  Gb  cmain.o [4]
__dwrite                0x08000b27   0x1e  Code  Gb  dwrite.o [5]
__exit                  0x08000769   0x14  Code  Gb  exit.o [5]
__iar_Fail_s            0x08000605   0x22  Code  Gb  xfail_s.o [3]
__iar_close_ttio        0x0800077d   0x2c  Code  Gb  iarttio.o [5]
__iar_data_init3        0x08000a7d   0x28  Code  Gb  data_init.o [4]
__iar_get_ttio          0x080007a9   0x38  Code  Gb  iarttio.o [5]
__iar_lookup_ttioh      0x080007e5    0x8  Code  Gb  XShttio.o [3]
__iar_packbits_init_single3
                        0x08000a41   0x3c  Code  Gb  packbits_init_single.o [4]
__iar_program_start     0x08000ba1         Code  Gb  cstartup_M.o [4]
__iar_sh_stdout         0x08000ad9   0x20  Code  Gb  iarwstd.o [5]
__iar_sh_write          0x08000aa5   0x22  Code  Gb  iarwrite.o [5]
__iar_small_uidiv       0x08000725         Code  Gb  I32DivMod.o [4]
__iar_small_uidivmod    0x08000725         Code  Gb  I32DivMod.o [4]
__iar_systems$$module {Abs}
                        0x00000001         Data  Gb  command line/config [2]
__iar_ttio_handles      0x20000010    0x8  Data  Lc  XShttio.o [3]
__low_level_init        0x08000b63    0x4  Code  Gb  low_level_init.o [3]
__vector_table          0x08000000         Data  Gb  startup_stm32l053xx.o [1]
__write                 0x08000b17   0x10  Code  Gb  write.o [5]
_call_main              0x08000b55         Code  Gb  cmain.o [4]
_exit                   0x08000b71         Code  Gb  cexit.o [4]
_main                   0x08000b5f         Code  Gb  cmain.o [4]
abort                   0x0800075b    0xa  Code  Gb  abort.o [3]
error                   0x20000000    0x2  Data  Gb  main.o [1]
exit                    0x08000b67    0x8  Code  Gb  exit.o [3]
main                    0x0800081d   0xec  Code  Gb  main.o [1]
memchr                  0x0800065d   0x18  Code  Gb  memchr.o [4]
printf                  0x080009c1   0x28  Code  Gb  printf.o [3]
putchar                 0x08000af9   0x1e  Code  Gb  putchar.o [3]
sec_hand                0x20000018    0x4  Data  Lc  xfail_s.o [3]
strchr                  0x080005ed    0x2  Code  Gb  strchr.o [4]
strlen                  0x0800064d   0x10  Code  Gb  strlen.o [4]


[1] = C:\Users\Admin\OneDrive\PROMA-WORK\PROMA-WORK\12_17_LCD\STM32L0xx_Snippets_Package_V1.2.0\Projects\CLOCK CONTROLLER\03_MCO_GPIO_Configuration\EWARM\Output\Obj
[2] = command line
[3] = dl6M_tln.a
[4] = rt6M_tl.a
[5] = shb_l.a

  3 016 bytes of readonly  code memory
     32 bytes of readonly  data memory
  1 052 bytes of readwrite data memory

Errors: none
Warnings: none
